run_task.h:192:14:t_run_mode RunTask::get_run_mode_state()	16	static
cmath:184:3:constexpr float std::cos(float)	16	static
interrupt.cpp:20:6:void HAL_TIM_PeriodElapsedCallback(TIM_HandleTypeDef*)	16	static
interrupt.cpp:29:6:void HAL_ADC_ConvCpltCallback(ADC_HandleTypeDef*)	16	static
interrupt.cpp:37:6:void Interrupt_Initialize()	4	static
interrupt.cpp:41:6:void Interrupt::preprocess()	368	static
interrupt.cpp:97:6:void Interrupt::main()	16	static
interrupt.cpp:103:6:void Interrupt::postprocess()	32	static
singleton.h:15:12:static T& Singleton<T>::getInstance() [with T = Interrupt]	4	static
singleton.h:15:12:static T& Singleton<T>::getInstance() [with T = SensingTask]	4	static
Kalman_filter.h:13:7:KalmanFilter::KalmanFilter()	16	static
singleton.h:15:12:static T& Singleton<T>::getInstance() [with T = KalmanFilter]	8	static
run_task.h:155:7:RunTask::RunTask()	16	static
controll.h:19:7:constexpr PID_Controller::PID_Controller()	16	static
controll.h:36:7:constexpr mouse_Controll::mouse_Controll()	16	static
motion.h:19:7:controll_task::controll_task()	16	static
singleton.h:15:12:static T& Singleton<T>::getInstance() [with T = controll_task]	8	static
log_data.h:15:7:LogData::LogData()	16	static
singleton.h:15:12:static T& Singleton<T>::getInstance() [with T = LogData]	8	static
