cmath:184:3:constexpr float std::cos(float)	16	static
vehicle.h:60:15:void param_element::set(float)	16	static
vehicle.h:62:16:float param_element::get()	16	static
vehicle.h:151:16:virtual void Vehicle::motorSetDuty_l(int)	16	static
vehicle.h:155:16:virtual void Vehicle::motorSetDuty_r(int)	16	static
vehicle.h:164:7:virtual void Vehicle_type7::motorSetDuty_l(int)	16	static
vehicle.h:170:7:virtual void Vehicle_type7::motorSetDuty_r(int)	16	static
ctrl_task.h:94:3:Motion::Motion(Vehicle*, SensingTask*, int)	24	static
ctrl_task.h:146:3:CtrlTask::CtrlTask(Vehicle*, SensingTask*, int)	24	static
ctrl_task.h:164:3:CtrlTask_type7::CtrlTask_type7(Vehicle*, SensingTask*)	24	static
interrupt.cpp:26:6:void HAL_TIM_PeriodElapsedCallback(TIM_HandleTypeDef*)	16	static
interrupt.cpp:35:6:void HAL_ADC_ConvCpltCallback(ADC_HandleTypeDef*)	16	static
interrupt.cpp:43:6:void Interrupt_Initialize()	4	static
interrupt.cpp:95:6:void Interrupt::preprocess()	400	static
interrupt.cpp:152:6:void Interrupt::main()	16	static
interrupt.cpp:164:6:void Interrupt::postprocess()	32	static
controll.h:19:7:constexpr PID_Controller::PID_Controller()	16	static
controll.h:36:7:constexpr mouse_Controll::mouse_Controll()	16	static
vehicle.h:95:7:Vehicle::Vehicle()	16	static
vehicle.h:162:7:Vehicle_type7::Vehicle_type7()	16	static
singleton.h:15:12:static T& Singleton<T>::getInstance() [with T = Vehicle_type7]	8	static
singleton.h:15:12:static T& Singleton<T>::getInstance() [with T = SensingTask]	4	static
singleton.h:15:12:static T& Singleton<T>::getInstance() [with T = Interrupt]	4	static
singleton.h:15:12:static T& Singleton<T>::getInstance() [with T = CtrlTask_type7]	16	static
log_data.h:18:7:LogData::LogData()	16	static
singleton.h:15:12:static T& Singleton<T>::getInstance() [with T = LogData]	8	static
run_task.h:122:7:RunTask::RunTask()	16	static
motion.h:19:7:controll_task::controll_task()	16	static
singleton.h:15:12:static T& Singleton<T>::getInstance() [with T = controll_task]	8	static
