cmath:184:3:constexpr float std::cos(float)	16	static
vehicle.h:59:15:void param_element::set(float)	16	static
vehicle.h:61:16:float param_element::get()	16	static
interrupt.cpp:25:6:void HAL_TIM_PeriodElapsedCallback(TIM_HandleTypeDef*)	16	static
interrupt.cpp:34:6:void HAL_ADC_ConvCpltCallback(ADC_HandleTypeDef*)	16	static
interrupt.cpp:42:6:void Interrupt_Initialize()	4	static
interrupt.cpp:94:6:void Interrupt::preprocess()	400	static
interrupt.cpp:151:6:void Interrupt::main()	16	static
interrupt.cpp:157:6:void Interrupt::postprocess()	32	static
singleton.h:15:12:static T& Singleton<T>::getInstance() [with T = Interrupt]	4	static
singleton.h:15:12:static T& Singleton<T>::getInstance() [with T = SensingTask]	4	static
controll.h:19:7:constexpr PID_Controller::PID_Controller()	16	static
controll.h:36:7:constexpr mouse_Controll::mouse_Controll()	16	static
vehicle.h:93:7:Vehicle::Vehicle()	16	static
vehicle.h:164:7:Vehicle_type7::Vehicle_type7()	16	static
singleton.h:15:12:static T& Singleton<T>::getInstance() [with T = Vehicle_type7]	8	static
run_task.h:122:7:RunTask::RunTask()	16	static
motion.h:19:7:controll_task::controll_task()	16	static
singleton.h:15:12:static T& Singleton<T>::getInstance() [with T = controll_task]	8	static
log_data.h:18:7:LogData::LogData()	16	static
singleton.h:15:12:static T& Singleton<T>::getInstance() [with T = LogData]	8	static
