wall_class.h:20:3:wall_class::wall_class(SensingTask*)	16	static
gthr-default.h:229:1:int __gthread_key_delete(__gthread_key_t)	16	static
motion.h:54:3:motion_plan::motion_plan(controll_task*)	16	static
make_path.h:90:3:calcRunTime::calcRunTime()	16	static
make_path.h:141:3:Dijkstra::Dijkstra(wall_class*)	16	static
path_follow.h:34:8:void path_follow_class::set_path_follow_gain(float, float)	24	static
interrupt.h:35:12:uint32_t Interrupt::return_time_count()	16	static
debug2.cpp:40:7:void Mode::Debug2(const t_straight_param*, const t_param* const*, int)	45728	static
queue_class.h:22:3:ring_queue<SIZE, T>::ring_queue() [with unsigned int SIZE = 1024; T = t_MapNode]	16	static
run_task.h:141:7:RunTask::RunTask()	16	static
controll.h:19:7:constexpr PID_Controller::PID_Controller()	16	static
controll.h:36:7:constexpr mouse_Controll::mouse_Controll()	16	static
motion.h:19:7:controll_task::controll_task()	16	static
singleton.h:15:12:static T& Singleton<T>::getInstance() [with T = controll_task]	8	static
singleton.h:15:12:static T& Singleton<T>::getInstance() [with T = SensingTask]	4	static
path_follow.h:15:7:path_follow_class::path_follow_class()	16	static
singleton.h:15:12:static T& Singleton<T>::getInstance() [with T = path_follow_class]	8	static
singleton.h:15:12:static T& Singleton<T>::getInstance() [with T = Interrupt]	4	static
Kalman_filter.h:13:7:KalmanFilter::KalmanFilter()	16	static
singleton.h:15:12:static T& Singleton<T>::getInstance() [with T = KalmanFilter]	8	static
log_data.h:18:7:LogData::LogData()	16	static
singleton.h:15:12:static T& Singleton<T>::getInstance() [with T = LogData]	8	static
debug2.cpp:569:1:void __static_initialization_and_destruction_0(int, int)	16	static
debug2.cpp:569:1:cpp)	8	static
debug2.cpp:569:1:cpp)	8	static
