vehicle.h:57:16:float param_element::get()	16	static
vehicle.h:168:16:virtual void Vehicle::motorSetDuty_l(int)	16	static
vehicle.h:172:16:virtual void Vehicle::motorSetDuty_r(int)	16	static
vehicle.h:181:7:virtual void Vehicle_type7::motorSetDuty_l(int)	16	static
vehicle.h:187:7:virtual void Vehicle_type7::motorSetDuty_r(int)	16	static
sensing_task.h:66:8:virtual void IrSensTask_type7::IrSensorSet()	16	static
wall_class.h:20:3:wall_class::wall_class(IrSensTask*)	16	static
gthr-default.h:229:1:int __gthread_key_delete(__gthread_key_t)	16	static
ctrl_task.h:144:3:Motion::Motion(Vehicle*, IrSensTask*, int)	24	static
ctrl_task.h:153:24:t_exeStatus Motion::motion_exeStatus_get()	16	static
ctrl_task.h:178:22:t_exeStatus Motion::execute_Motion()	16	static
ctrl_task.h:202:22:t_exeStatus Motion::exe_Motion_pivot_turn(float, float, float, const t_pid_gain*, const t_pid_gain*)	32	static
ctrl_task.h:209:22:t_exeStatus Motion::exe_Motion_fix_wall(float, const t_pid_gain*, const t_pid_gain*)	24	static
ctrl_task.h:237:12:Vehicle* Motion::return_vehicleObj()	16	static
ctrl_task.h:238:15:IrSensTask* Motion::return_irObj()	16	static
ctrl_task.h:251:3:CtrlTask::CtrlTask(Vehicle*, IrSensTask*, int)	24	static
ctrl_task.h:269:3:CtrlTask_type7::CtrlTask_type7(Vehicle*, IrSensTask*)	24	static
make_path.h:93:3:calcRunTime::calcRunTime()	16	static
make_path.h:144:3:Dijkstra::Dijkstra(wall_class*)	16	static
interrupt.h:32:12:uint32_t Interrupt::return_time_count()	16	static
interface_check.cpp:43:7:void Mode::Interface_Check()	45976	static
controll.h:19:7:constexpr PID_Controller::PID_Controller()	16	static
controll.h:37:7:constexpr mouse_Controll::mouse_Controll()	16	static
vehicle.h:90:7:Vehicle::Vehicle()	16	static
vehicle.h:179:7:Vehicle_type7::Vehicle_type7()	16	static
singleton.h:15:12:static T& Singleton<T>::getInstance() [with T = Vehicle_type7]	8	static
sensing_task.h:36:7:IrSensTask::IrSensTask()	16	static
sensing_task.h:63:7:IrSensTask_type7::IrSensTask_type7()	16	static
singleton.h:15:12:static T& Singleton<T>::getInstance() [with T = IrSensTask_type7]	8	static
queue_class.h:22:3:ring_queue<SIZE, T>::ring_queue() [with unsigned int SIZE = 1024; T = t_MapNode]	16	static
singleton.h:15:12:static T& Singleton<T>::getInstance() [with T = CtrlTask_type7]	16	static
singleton.h:15:12:static T& Singleton<T>::getInstance() [with T = Interrupt]	4	static
Kalman_filter.h:13:7:KalmanFilter::KalmanFilter()	16	static
singleton.h:15:12:static T& Singleton<T>::getInstance() [with T = KalmanFilter]	8	static
log_data.h:18:7:LogData::LogData()	16	static
singleton.h:15:12:static T& Singleton<T>::getInstance() [with T = LogData]	8	static
interface_check.cpp:270:1:void __static_initialization_and_destruction_0(int, int)	16	static
interface_check.cpp:270:1:cpp)	8	static
interface_check.cpp:270:1:cpp)	8	static
