vehicle.h:168:16:virtual void Vehicle::motorSetDuty_l(int)	16	static
vehicle.h:172:16:virtual void Vehicle::motorSetDuty_r(int)	16	static
vehicle.h:181:7:virtual void Vehicle_type7::motorSetDuty_l(int)	16	static
vehicle.h:187:7:virtual void Vehicle_type7::motorSetDuty_r(int)	16	static
sensing_task.h:66:8:virtual void IrSensTask_type7::IrSensorSet()	16	static
wall_class.h:20:3:wall_class::wall_class(IrSensTask*)	16	static
gthr-default.h:229:1:int __gthread_key_delete(__gthread_key_t)	16	static
ctrl_task.h:134:3:Motion::Motion(Vehicle*, IrSensTask*, int)	24	static
ctrl_task.h:227:15:IrSensTask* Motion::return_irObj()	16	static
ctrl_task.h:241:3:CtrlTask::CtrlTask(Vehicle*, IrSensTask*, int)	24	static
ctrl_task.h:259:3:CtrlTask_type7::CtrlTask_type7(Vehicle*, IrSensTask*)	24	static
search_class.h:56:14:t_position Search::search_adachi_1(t_position, t_position, int, wall_class*, make_map*, Motion*)	48	static
search_class.h:63:14:t_position Search::search_adachi_1_acc(t_position, t_position, int, wall_class*, make_map*, Motion*)	48	static
search_class.h:81:14:t_position Search::search_adachi_2_acc(t_position, t_position, int, wall_class*, make_map*, Motion*)	48	static
search_class.h:98:14:t_position Search::search_adachi_3_acc(t_position, t_position, int, wall_class*, make_map*, Motion*)	48	static
make_path.h:93:3:calcRunTime::calcRunTime()	16	static
make_path.h:144:3:Dijkstra::Dijkstra(wall_class*)	16	static
path_follow.h:34:8:void path_follow_class::set_path_follow_gain(float, float)	24	static
interrupt.h:29:12:uint32_t Interrupt::return_time_count()	16	static
mode.cpp:42:10:uint8_t Mode::Select(uint8_t, uint8_t, t_encoder)	24	static
search_class.h:24:7:Search::Search()	16	static
mode.cpp:57:7:void Mode::Demo()	45704	static
mode.cpp:350:7:void Mode::Select_Mode()	448	static
controll.h:22:7:constexpr PID_Controller::PID_Controller()	16	static
controll.h:39:7:constexpr mouse_Controll::mouse_Controll()	16	static
vehicle.h:90:7:Vehicle::Vehicle()	16	static
vehicle.h:179:7:Vehicle_type7::Vehicle_type7()	16	static
singleton.h:15:12:static T& Singleton<T>::getInstance() [with T = Vehicle_type7]	8	static
sensing_task.h:36:7:IrSensTask::IrSensTask()	16	static
sensing_task.h:63:7:IrSensTask_type7::IrSensTask_type7()	16	static
singleton.h:15:12:static T& Singleton<T>::getInstance() [with T = IrSensTask_type7]	8	static
singleton.h:15:12:static T& Singleton<T>::getInstance() [with T = Interrupt]	4	static
queue_class.h:22:3:ring_queue<SIZE, T>::ring_queue() [with unsigned int SIZE = 1024; T = t_MapNode]	16	static
singleton.h:15:12:static T& Singleton<T>::getInstance() [with T = CtrlTask_type7]	16	static
path_follow.h:15:7:path_follow_class::path_follow_class()	16	static
singleton.h:15:12:static T& Singleton<T>::getInstance() [with T = path_follow_class]	8	static
Kalman_filter.h:13:7:KalmanFilter::KalmanFilter()	16	static
singleton.h:15:12:static T& Singleton<T>::getInstance() [with T = KalmanFilter]	8	static
mode.cpp:396:1:void __static_initialization_and_destruction_0(int, int)	16	static
mode.cpp:396:1:cpp)	8	static
mode.cpp:396:1:cpp)	8	static
