vehicle.h:60:15:void param_element::set(float)	16	static
vehicle.h:62:16:float param_element::get()	16	static
ir_sens_task.cpp:23:14:t_wall_state IrSensTask::conv_Sensin2Wall(t_sensor_dir)	16	static
ir_sens_task.cpp:39:6:virtual void IrSensTask::IrSensorSet()	16	static
ir_sens_task.cpp:49:7:float IrSensTask::IrSensor_adc2voltage(int16_t)	24	static
ir_sens_task.cpp:54:7:float IrSensTask::IrSensor_Vce(int16_t)	16	static
ir_sens_task.cpp:59:7:float IrSensTask::IrSensor_SensingCurrent(int16_t)	16	static
ir_sens_task.cpp:64:7:float IrSensTask::IrSensor_RelativeCurrent(int16_t)	24	static
ir_sens_task.cpp:69:7:float IrSensTask::IrSensor_Irradiance(int16_t)	24	static
ir_sens_task.cpp:79:7:float IrSensTask::Sensor_CalcDistance(t_sensor_dir, int16_t)	40	static
ir_sens_task.cpp:151:6:void IrSensTask::IrSensorDistanceSet()	16	static
ir_sens_task.cpp:182:6:void IrSensTask::IrSensorWallSet()	16	static
ir_sens_task.cpp:246:6:void IrSensTask::IrSensorReferenceSet(float)	16	static
ir_sens_task.cpp:251:6:void IrSensTask::SetWallControll_RadVelo(Vehicle*, float)	80	static
ir_sens_task.cpp:296:9:int16_t IrSensTask::IrSensor_Avg()	16	static
run_task.h:122:7:RunTask::RunTask()	16	static
controll.h:19:7:constexpr PID_Controller::PID_Controller()	16	static
controll.h:36:7:constexpr mouse_Controll::mouse_Controll()	16	static
motion.h:19:7:controll_task::controll_task()	16	static
singleton.h:15:12:static T& Singleton<T>::getInstance() [with T = controll_task]	8	static
