vehicle.h:60:15:void param_element::set(float)	16	static
vehicle.h:62:16:float param_element::get()	16	static
ir_sens_task.cpp:22:14:t_wall_state IrSensTask::conv_Sensin2Wall(t_sensor_dir)	16	static
ir_sens_task.cpp:38:6:virtual void IrSensTask::IrSensorSet()	16	static
ir_sens_task.cpp:48:7:float IrSensTask::IrSensor_adc2voltage(int16_t)	24	static
ir_sens_task.cpp:53:7:float IrSensTask::IrSensor_Vce(int16_t)	16	static
ir_sens_task.cpp:58:7:float IrSensTask::IrSensor_SensingCurrent(int16_t)	16	static
ir_sens_task.cpp:63:7:float IrSensTask::IrSensor_RelativeCurrent(int16_t)	24	static
ir_sens_task.cpp:68:7:float IrSensTask::IrSensor_Irradiance(int16_t)	24	static
ir_sens_task.cpp:78:7:float IrSensTask::Sensor_CalcDistance(t_sensor_dir, int16_t)	40	static
ir_sens_task.cpp:150:6:void IrSensTask::IrSensorDistanceSet()	16	static
ir_sens_task.cpp:181:6:void IrSensTask::IrSensorWallSet()	16	static
ir_sens_task.cpp:242:6:void IrSensTask::IrSensorReferenceSet(float)	16	static
ir_sens_task.cpp:247:6:void IrSensTask::SetWallControll_RadVelo(Vehicle*, float)	80	static
ir_sens_task.cpp:292:9:int16_t IrSensTask::IrSensor_Avg()	16	static
