vehicle.h:55:15:void param_element::set(float)	16	static
vehicle.h:57:16:float param_element::get()	16	static
vehicle.h:65:15:void turn_dir_element::set(t_turn_dir)	16	static
vehicle.h:67:21:t_turn_dir turn_dir_element::get()	16	static
sensing_task.h:56:15:void IrSensTask::EnableIrSens()	16	static
sensing_task.h:57:15:void IrSensTask::DisableIrSens()	16	static
sensing_task.h:58:8:void IrSensTask::EnableIrSensStraight()	16	static
sensing_task.h:59:8:void IrSensTask::EnableIrSensDiagonal()	16	static
ctrl_task.h:113:15:void Motion::run_time_ms_update()	16	static
ctrl_task.h:114:16:float Motion::run_time_ms_get()	16	static
ctrl_task.h:118:16:float Motion::run_time_limit_ms_get()	16	static
ctrl_task.h:121:18:void Motion::motion_pattern_set(t_run_pattern)	16	static
ctrl_task.h:124:18:void Motion::motion_state_set(t_runStatus)	16	static
ctrl_task.h:127:18:void Motion::motion_exeStatus_set(t_exeStatus)	16	static
ctrl_task.h:151:24:t_runStatus Motion::motion_state_get()	16	static
motion.cpp:12:7:float get_turn_table_value(float, float)	40	static
motion.cpp:31:6:void Motion::SetIdeal_wall_control()	24	static
motion.cpp:53:7:void Motion::SetIdeal_search_straight()	32	static
motion.cpp:132:7:void Motion::SetIdeal_search_turn()	48	static
motion.cpp:218:6:void Motion::SetIdeal_straight()	32	static
motion.cpp:299:6:void Motion::SetIdeal_diagonal()	32	static
motion.cpp:379:6:void Motion::SetIdeal_pivot_turn()	32	static
motion.cpp:438:6:void Motion::SetIdeal_turn_in()	48	static
motion.cpp:522:6:void Motion::SetIdeal_turn_out()	48	static
motion.cpp:605:6:void Motion::SetIdeal_long_turn()	48	static
motion.cpp:689:6:void Motion::SetIdeal_turn_v90()	48	static
motion.cpp:774:6:void Motion::SetIdeal_fix_wall()	56	static
motion.cpp:847:6:void Motion::SetIdeal_stop_brake()	32	static
motion.cpp:891:6:void Motion::SetIdeal_free_rotation_set()	24	static
