vehicle.h:60:15:void param_element::set(float)	16	static
vehicle.h:62:16:float param_element::get()	16	static
vehicle.h:70:15:void turn_dir_element::set(t_turn_dir)	16	static
vehicle.h:72:21:t_turn_dir turn_dir_element::get()	16	static
ctrl_task.h:108:15:void Motion::run_time_ms_update()	16	static
ctrl_task.h:109:16:float Motion::run_time_ms_get()	16	static
ctrl_task.h:119:18:void Motion::motion_state_set(t_runStatus)	16	static
ctrl_task.h:122:18:void Motion::motion_exeStatus_set(t_exeStatus)	16	static
motion.cpp:11:7:float get_turn_table_value(float, float)	40	static
motion.cpp:31:7:void Motion::SetIdeal_search_straight()	32	static
motion.cpp:96:7:void Motion::SetIdeal_search_turn()	48	static
motion.cpp:180:6:void Motion::SetIdeal_straight()	32	static
motion.cpp:248:6:void Motion::SetIdeal_diagonal()	32	static
motion.cpp:326:6:void Motion::SetIdeal_pivot_turn()	32	static
motion.cpp:383:6:void Motion::SetIdeal_turn_in()	48	static
motion.cpp:465:6:void Motion::SetIdeal_turn_out()	48	static
motion.cpp:546:6:void Motion::SetIdeal_long_turn()	48	static
motion.cpp:628:6:void Motion::SetIdeal_turn_v90()	48	static
motion.cpp:711:6:void Motion::SetIdeal_fix_wall()	16	static
motion.cpp:712:6:void Motion::SetIdeal_stop_brake()	16	static
motion.cpp:714:6:void Motion::SetIdeal_free_rotation_set()	16	static
