vehicle.h:60:15:void param_element::set(float)	16	static
vehicle.h:61:15:void param_element::init()	16	static
vehicle.h:62:16:float param_element::get()	16	static
vehicle.h:71:15:void turn_dir_element::init()	16	static
set_motion.cpp:31:6:void Motion::Init_Motion_free_rotation_set()	16	static
set_motion.cpp:51:6:void Motion::Init_Motion_search_straight(float, float, float, float)	40	static
set_motion.cpp:73:6:void Motion::Init_Motion_search_turn(const t_param*)	16	static
set_motion.cpp:78:6:void Motion::Init_Motion_straight(float, float, float, float, const t_pid_gain*, const t_pid_gain*)	40	static
set_motion.cpp:83:6:void Motion::Init_Motion_diagonal(float, float, float, float, const t_pid_gain*, const t_pid_gain*)	40	static
set_motion.cpp:88:6:void Motion::Init_Motion_pivot_turn(float, float, float, const t_pid_gain*, const t_pid_gain*)	32	static
set_motion.cpp:93:6:void Motion::Init_Motion_turn_in(const t_param*, t_run_pattern, const t_pid_gain*, const t_pid_gain*)	24	static
set_motion.cpp:98:6:void Motion::Init_Motion_turn_out(const t_param*, t_run_pattern, const t_pid_gain*, const t_pid_gain*)	24	static
set_motion.cpp:103:6:void Motion::Init_Motion_long_turn(const t_param*, t_run_pattern, const t_pid_gain*, const t_pid_gain*)	24	static
set_motion.cpp:108:6:void Motion::Init_Motion_turn_v90(const t_param*, t_run_pattern, const t_pid_gain*, const t_pid_gain*)	24	static
set_motion.cpp:113:6:void Motion::Init_Motion_fix_wall(float, const t_pid_gain*, const t_pid_gain*)	24	static
set_motion.cpp:117:6:void Motion::Init_Motion_stop_brake(float, const t_pid_gain*, const t_pid_gain*)	24	static
