encoder.c:23:6:set_ms_dt	16	static
encoder.c:28:6:Encoder_Initialize	8	static
encoder.c:35:6:Encoder_ResetPosition_Left	4	static
encoder.c:39:6:Encoder_ResetPosition_Right	4	static
encoder.c:43:10:Encoder_Counts_Left	4	static
encoder.c:47:10:Encoder_Counts_Right	4	static
encoder.c:51:9:Encoder_GetPosition_Right	4	static
encoder.c:55:9:Encoder_GetPosition_Left	4	static
encoder.c:59:6:Encoder_SetSpeed_Right	8	static
encoder.c:78:6:Encoder_SetSpeed_Left	16	static
encoder.c:96:11:Encoder_GetProperty_Right	16	static
encoder.c:100:11:Encoder_GetProperty_Left	16	static
