pheripheral_flash.cpp:20:6:void eraseALL()	8	static
pheripheral_flash.cpp:27:6:void eraseFlash()	32	static
pheripheral_flash.cpp:46:6:void writeFlash(uint32_t, uint16_t*)	24	static
pheripheral_flash.cpp:61:6:void loadFlash(uint32_t, uint16_t*, uint32_t)	24	static
pheripheral_flash.cpp:67:10:uint8_t* Flash_Load()	24	static
pheripheral_flash.cpp:82:9:uint8_t Flash_Save()	32	static
pheripheral_flash.cpp:113:6:void work_ram_set(uint32_t, uint8_t)	16	static
pheripheral_flash.cpp:118:9:uint8_t work_ram_read(uint32_t)	16	static
