ctrl_task.h:143:24:t_exeStatus Motion::motion_exeStatus_get()	16	static
ctrl_task.h:166:22:t_exeStatus Motion::execute_Motion()	16	static
ctrl_task.h:172:22:t_exeStatus Motion::exe_Motion_straight(float, float, float, float, const t_pid_gain*, const t_pid_gain*)	40	static
ctrl_task.h:178:22:t_exeStatus Motion::exe_Motion_diagonal(float, float, float, float, const t_pid_gain*, const t_pid_gain*)	40	static
ctrl_task.h:190:22:t_exeStatus Motion::exe_Motion_turn_in(const t_param*, t_run_pattern, const t_pid_gain*, const t_pid_gain*)	32	static
ctrl_task.h:195:22:t_exeStatus Motion::exe_Motion_turn_out(const t_param*, t_run_pattern, const t_pid_gain*, const t_pid_gain*)	32	static
ctrl_task.h:200:22:t_exeStatus Motion::exe_Motion_long_turn(const t_param*, t_run_pattern, const t_pid_gain*, const t_pid_gain*)	32	static
ctrl_task.h:205:22:t_exeStatus Motion::exe_Motion_turn_v90(const t_param*, t_run_pattern, const t_pid_gain*, const t_pid_gain*)	32	static
make_path.h:75:20:t_straight_param calcRunTime::straight_base_velo()	16	static
make_path.h:85:20:t_straight_param calcRunTime::diagonal_base_velo()	16	static
make_path.cpp:23:15:t_posDijkstra Dijkstra::conv_t_pos2t_posDijkstra(t_position, t_direction)	32	static
make_path.cpp:49:15:t_posDijkstra Dijkstra::conv_t_pos2t_posDijkstra(int, int, t_direction)	32	static
make_path.cpp:74:15:t_posDijkstra Dijkstra::SetNodePos(uint8_t, uint8_t, t_DijkstraWallPos)	24	static
make_path.cpp:83:11:t_element Dijkstra::SetNode(t_posDijkstra, uint16_t, t_direction, t_run_pattern, t_bool)	24	static
make_path.cpp:95:6:void Dijkstra::init_dijkstra_map()	80	static
make_path.cpp:120:6:void Dijkstra::start_node_setUp(t_posDijkstra, t_direction)	80	static
make_path.cpp:136:8:t_bool Dijkstra::is_goal_Dijkstra(t_posDijkstra, t_position, uint8_t)	24	static
make_path.cpp:165:6:void Dijkstra::set_determine(t_posDijkstra)	16	static
make_path.cpp:181:15:t_posDijkstra Dijkstra::min_search()	40	static
make_path.cpp:209:15:t_posDijkstra Dijkstra::make_path_Dijkstra(t_position, t_direction, t_position, uint8_t)	48	static
make_path.cpp:235:6:void Dijkstra::expand(t_posDijkstra)	24	static
make_path.cpp:266:15:t_posDijkstra Dijkstra::last_expand(t_posDijkstra, t_direction, t_position, uint8_t)	104	static
make_path.cpp:340:10:uint16_t Dijkstra::straight_section_num(t_posDijkstra, t_posDijkstra, t_direction)	24	static
make_path.cpp:356:10:uint16_t Dijkstra::diagonal_section_num(t_posDijkstra, t_posDijkstra, t_direction)	32	static
make_path.cpp:381:6:void Dijkstra::check_run_Dijkstra(t_position, t_direction, t_position, uint8_t)	72	static
make_path.cpp:487:6:void Dijkstra::run_Dijkstra(t_position, t_direction, t_position, uint8_t, const t_straight_param* const*, uint16_t, const t_straight_param* const*, uint16_t, const t_param* const*, Motion*)	512	static
make_path.cpp:600:6:void Dijkstra::run_Dijkstra_suction(t_position, t_direction, t_position, uint8_t, int, const t_straight_param* const*, uint16_t, const t_straight_param* const*, uint16_t, const t_param* const*, Motion*)	512	static
log_data.h:18:7:LogData::LogData()	16	static
singleton.h:15:12:static T& Singleton<T>::getInstance() [with T = LogData]	8	static
