make_path.h:72:20:t_straight_param calcRunTime::straight_base_velo()	16	static
make_path.h:82:20:t_straight_param calcRunTime::diagonal_base_velo()	16	static
make_path.cpp:21:15:t_posDijkstra Dijkstra::conv_t_pos2t_posDijkstra(t_position, t_direction)	32	static
make_path.cpp:47:15:t_posDijkstra Dijkstra::conv_t_pos2t_posDijkstra(int, int, t_direction)	32	static
make_path.cpp:72:15:t_posDijkstra Dijkstra::SetNodePos(uint8_t, uint8_t, t_DijkstraWallPos)	24	static
make_path.cpp:81:11:t_element Dijkstra::SetNode(t_posDijkstra, uint16_t, t_direction, t_run_pattern, t_bool)	24	static
make_path.cpp:93:6:void Dijkstra::init_dijkstra_map()	80	static
make_path.cpp:118:6:void Dijkstra::start_node_setUp(t_posDijkstra, t_direction)	80	static
make_path.cpp:134:8:t_bool Dijkstra::is_goal_Dijkstra(t_posDijkstra, t_position, uint8_t)	24	static
make_path.cpp:163:6:void Dijkstra::set_determine(t_posDijkstra)	16	static
make_path.cpp:179:15:t_posDijkstra Dijkstra::min_search()	40	static
make_path.cpp:207:15:t_posDijkstra Dijkstra::make_path_Dijkstra(t_position, t_direction, t_position, uint8_t)	48	static
make_path.cpp:233:6:void Dijkstra::expand(t_posDijkstra)	24	static
make_path.cpp:264:15:t_posDijkstra Dijkstra::last_expand(t_posDijkstra, t_direction, t_position, uint8_t)	104	static
make_path.cpp:338:10:uint16_t Dijkstra::straight_section_num(t_posDijkstra, t_posDijkstra, t_direction)	24	static
make_path.cpp:354:10:uint16_t Dijkstra::diagonal_section_num(t_posDijkstra, t_posDijkstra, t_direction)	32	static
make_path.cpp:379:6:void Dijkstra::check_run_Dijkstra(t_position, t_direction, t_position, uint8_t)	72	static
make_path.cpp:485:6:void Dijkstra::run_Dijkstra(t_position, t_direction, t_position, uint8_t, const t_straight_param* const*, uint16_t, const t_straight_param* const*, uint16_t, const t_param* const*, motion_plan*)	512	static
make_path.cpp:597:6:void Dijkstra::run_Dijkstra_suction(t_position, t_direction, t_position, uint8_t, int, const t_straight_param* const*, uint16_t, const t_straight_param* const*, uint16_t, const t_param* const*, motion_plan*)	512	static
run_task.h:155:7:RunTask::RunTask()	16	static
controll.h:19:7:constexpr PID_Controller::PID_Controller()	16	static
controll.h:36:7:constexpr mouse_Controll::mouse_Controll()	16	static
motion.h:19:7:controll_task::controll_task()	16	static
singleton.h:15:12:static T& Singleton<T>::getInstance() [with T = controll_task]	8	static
log_data.h:18:7:LogData::LogData()	16	static
singleton.h:15:12:static T& Singleton<T>::getInstance() [with T = LogData]	8	static
