myshell.cpp:50:12:int usrcmd_help(int, char**)	24	static
myshell.cpp:63:12:int usrcmd_info(int, char**)	16	static
myshell.cpp:83:12:int usrcmd_disp(int, char**)	16	static
myshell.cpp:102:12:int usrcmd_end(int, char**)	16	static
myshell.cpp:120:12:int func_read(char*, int, void*)	40	static
myshell.cpp:129:12:int func_write(const char*, int, void*)	32	static
myshell.cpp:142:12:int user_callback(const char*, void*)	16	static
myshell.cpp:149:12:int usrcmd_execute(const char*)	16	static
myshell.cpp:154:12:int usrcmd_ntopt_callback(int, char**, void*)	32	static
myshell.cpp:174:6:void Myshell_Initialize()	24	static
myshell.cpp:181:6:void Myshell_Execute()	16	static
log_data.h:18:7:LogData::LogData()	16	static
singleton.h:15:12:static T& Singleton<T>::getInstance() [with T = LogData]	8	static
