vehicle.h:168:16:virtual void Vehicle::motorSetDuty_l(int)	16	static
vehicle.h:172:16:virtual void Vehicle::motorSetDuty_r(int)	16	static
vehicle.h:181:7:virtual void Vehicle_type7::motorSetDuty_l(int)	16	static
vehicle.h:187:7:virtual void Vehicle_type7::motorSetDuty_r(int)	16	static
sensing_task.h:89:8:virtual void IrSensTask_type7::IrSensorSet()	16	static
ctrl_task.h:144:3:Motion::Motion(Vehicle*, IrSensTask*, int)	24	static
ctrl_task.h:153:24:t_exeStatus Motion::motion_exeStatus_get()	16	static
ctrl_task.h:178:22:t_exeStatus Motion::execute_Motion()	16	static
ctrl_task.h:238:15:IrSensTask* Motion::return_irObj()	16	static
ctrl_task.h:251:3:CtrlTask::CtrlTask(Vehicle*, IrSensTask*, int)	24	static
ctrl_task.h:269:3:CtrlTask_type7::CtrlTask_type7(Vehicle*, IrSensTask*)	24	static
myshell.cpp:56:12:int usrcmd_help(int, char**)	24	static
myshell.cpp:69:12:int usrcmd_info(int, char**)	16	static
myshell.cpp:89:12:int usrcmd_disp(int, char**)	16	static
myshell.cpp:108:12:int usrcmd_end(int, char**)	16	static
myshell.cpp:124:12:int usrcmd_debug(int, char**)	80	static
myshell.cpp:203:12:int func_read(char*, int, void*)	40	static
myshell.cpp:212:12:int func_write(const char*, int, void*)	32	static
myshell.cpp:225:12:int user_callback(const char*, void*)	16	static
myshell.cpp:232:12:int usrcmd_execute(const char*)	16	static
myshell.cpp:237:12:int usrcmd_ntopt_callback(int, char**, void*)	32	static
myshell.cpp:257:6:void Myshell_Initialize()	24	static
myshell.cpp:264:6:void Myshell_Execute()	16	static
controller.h:19:7:constexpr PID_Controller::PID_Controller()	16	static
controller.h:37:7:constexpr mouse_Controller::mouse_Controller()	16	static
vehicle.h:90:7:Vehicle::Vehicle()	16	static
vehicle.h:179:7:Vehicle_type7::Vehicle_type7()	16	static
singleton.h:15:12:static T& Singleton<T>::getInstance() [with T = Vehicle_type7]	8	static
sensing_task.h:36:7:IrSensTask::IrSensTask()	16	static
sensing_task.h:86:7:IrSensTask_type7::IrSensTask_type7()	16	static
singleton.h:15:12:static T& Singleton<T>::getInstance() [with T = IrSensTask_type7]	8	static
log_data.h:18:7:LogData::LogData()	16	static
singleton.h:15:12:static T& Singleton<T>::getInstance() [with T = LogData]	8	static
singleton.h:15:12:static T& Singleton<T>::getInstance() [with T = CtrlTask_type7]	16	static
