gthr-default.h:229:1:int __gthread_key_delete(__gthread_key_t)	16	static
vehicle.h:26:16:float param_element::get()	16	static
wall_class.h:108:15:IrSensTask* wall_class::return_irObj()	16	static
wall_class.h:113:8:void wall_class::goal_set_vwall(int, int, int)	32	static
wall_class.h:121:8:void wall_class::goal_clear_vwall(int, int, int)	32	static
adachi_class.h:22:3:adachi::adachi(wall_class*, make_map*)	24	static
ctrl_task.h:167:24:t_exeStatus Motion::motion_exeStatus_get()	16	static
ctrl_task.h:202:22:t_exeStatus Motion::execute_Motion()	16	static
ctrl_task.h:214:22:t_exeStatus Motion::exe_Motion_straight(float, float, float, float, const t_pid_gain*, const t_pid_gain*)	40	static
ctrl_task.h:220:22:t_exeStatus Motion::exe_Motion_backward(const t_pid_gain*, const t_pid_gain*)	24	static
ctrl_task.h:234:22:t_exeStatus Motion::exe_Motion_pivot_turn(float, float, float, const t_pid_gain*, const t_pid_gain*)	32	static
ctrl_task.h:241:22:t_exeStatus Motion::exe_Motion_fix_wall(float, const t_pid_gain*, const t_pid_gain*)	24	static
ctrl_task.h:317:12:Vehicle* Motion::return_vehicleObj()	16	static
interrupt.h:32:12:uint32_t Interrupt::return_time_count()	16	static
search_class.h:60:11:int32_t Search::return_search_time()	16	static
search.cpp:23:8:t_bool Search::i_am_goal(int, int, int, int, int)	32	static
search.cpp:35:8:t_bool Search::i_am_goal(t_position, t_position, int)	48	static
search.cpp:51:6:void Search::update_map(int, int, t_position, int, int, make_map*)	32	static
search.cpp:61:13:t_exeStatus Search::updateMap_half_straight(int, int, t_position, int, int, make_map*, Motion*)	48	static
search.cpp:75:13:t_exeStatus Search::updateMap_half_straight_and_stop(int, int, t_position, int, int, make_map*, Motion*)	48	static
search.cpp:84:13:t_exeStatus Search::updateMap_straight(int, int, t_position, int, int, make_map*, Motion*)	48	static
search.cpp:92:13:t_exeStatus Search::updateMap_left_turn(int, int, t_position, int, int, make_map*, Motion*)	48	static
search.cpp:101:13:t_exeStatus Search::updateMap_right_turn(int, int, t_position, int, int, make_map*, Motion*)	48	static
search.cpp:111:13:t_exeStatus Search::turn_right_process(t_position, t_position, t_position, int, int, wall_class*, make_map*, Motion*)	56	static
search.cpp:153:13:t_exeStatus Search::turn_left_process(t_position, t_position, t_position, int, int, wall_class*, make_map*, Motion*)	56	static
search.cpp:194:13:t_exeStatus Search::turn_rear_process(t_position, t_position, t_position, int, int, wall_class*, make_map*, Motion*)	72	static
search.cpp:255:12:t_position Search::search_adachi(t_position, t_position, int, wall_class*, make_map*, Motion*)	80	static
search.cpp:366:12:t_position Search::search_adachi_acc(t_position, t_position, int, wall_class*, make_map*, Motion*)	96	static
singleton.h:15:12:static T& Singleton<T>::getInstance() [with T = Interrupt]	4	static
Kalman_filter.h:13:7:KalmanFilter::KalmanFilter()	16	static
singleton.h:15:12:static T& Singleton<T>::getInstance() [with T = KalmanFilter]	8	static
search.cpp:538:1:void __static_initialization_and_destruction_0(int, int)	16	static
search.cpp:538:1:cpp)	8	static
search.cpp:538:1:cpp)	8	static
