run_task.h:104:14:t_pid_gain PID_Setting::get_sp_gain()	48	static
run_task.h:109:14:t_pid_gain PID_Setting::get_om_gain()	48	static
run_task.h:151:14:t_run_mode RunTask::get_run_mode_state()	16	static
core_cm4.h:1939:34:void __NVIC_SystemReset()	4	static,ignoring_inline_asm
path_follow.h:32:8:void path_follow_class::reset_yaw_theta_error()	16	static
path_follow.h:33:8:void path_follow_class::reset_position_error()	16	static
motion_task.cpp:19:6:void controll_task::motion_inInterrupt()	224	static
motion_task.cpp:108:6:void controll_task::motionControll()	112	static
motion_task.cpp:218:6:void controll_task::motionPostControll()	40	static
motion_task.cpp:302:8:t_bool controll_task::is_controll_enable()	24	static
path_follow.h:15:7:path_follow_class::path_follow_class()	16	static
singleton.h:15:12:static T& Singleton<T>::getInstance() [with T = path_follow_class]	8	static
run_task.h:114:7:RunTask::RunTask()	16	static
controll.h:13:7:constexpr PID_Controller::PID_Controller()	16	static
controll.h:30:7:constexpr mouse_Controll::mouse_Controll()	16	static
motion.h:19:7:controll_task::controll_task()	16	static
singleton.h:15:12:static T& Singleton<T>::getInstance() [with T = controll_task]	8	static
singleton.h:15:12:static T& Singleton<T>::getInstance() [with T = SensingTask]	4	static
