run_task.h:146:8:void RunTask::set_run_mode_state(t_run_mode)	16	static
sensing_task.h:37:10:t_bool SensingTask::Division_Wall_Correction()	24	static
sensing_task.h:54:8:void SensingTask::Division_Wall_Correction_Reset()	16	static
run_task.cpp:17:6:void RunTask::MotionFree(float*, float)	24	static
run_task.cpp:30:6:void RunTask::search_straight(t_motion_param, t_machine_param*, t_machine_param*, float)	32	static
run_task.cpp:124:6:void RunTask::straight(t_motion_param, t_machine_param*, t_machine_param*, float)	32	static
run_task.cpp:214:6:void RunTask::diagonal(t_motion_param, t_machine_param*, t_machine_param*, float)	32	static
run_task.cpp:294:6:void RunTask::pivotturn(t_motion_param, t_machine_param*, t_machine_param*, float)	32	static
run_task.cpp:357:6:void RunTask::search_slalom(t_motion_param*, const t_param*, t_machine_param*, t_machine_param*, float)	88	static
run_task.cpp:461:6:void RunTask::turn_in(t_motion_param*, const t_param*, t_machine_param*, t_machine_param*, float)	72	static
run_task.cpp:587:6:void RunTask::turn_out(t_motion_param*, const t_param*, t_machine_param*, t_machine_param*, float)	72	static
run_task.cpp:723:6:void RunTask::long_turn(t_motion_param*, const t_param*, t_machine_param*, t_machine_param*, float)	72	static
run_task.cpp:831:6:void RunTask::turn_v90(t_motion_param*, const t_param*, t_machine_param*, t_machine_param*, float)	72	static
run_task.cpp:946:6:void RunTask::fix_wall(t_machine_param*, float*, float, float)	72	static
run_task.cpp:1050:8:t_bool RunTask::is_exe_runTask()	16	static
singleton.h:15:12:static T& Singleton<T>::getInstance() [with T = SensingTask]	4	static
run_task.h:114:7:RunTask::RunTask()	16	static
controll.h:13:7:constexpr PID_Controller::PID_Controller()	16	static
controll.h:30:7:constexpr mouse_Controll::mouse_Controll()	16	static
motion.h:19:7:controll_task::controll_task()	16	static
singleton.h:15:12:static T& Singleton<T>::getInstance() [with T = controll_task]	8	static
